Identifier[16] '_validIdentifier'
IntegerLiteral[3] '123'
Whitespace[1] '\n'
Underscore[1] '_'
IntegerLiteral[3] '456'
Identifier[15] 'validIdentifier'
Whitespace[1] '\n'
IntegerLiteral[3] '456'
Identifier[13] 'badIdentifier'
Whitespace[1] '\n'
Identifier[8] 'seperate'
Whitespace[1] '\s'
Identifier[11] 'identifiers'
Whitespace[2] '\n\n'

