If[2] 'if'
Whitespace[1] '\s'
Identifier[4] 'else'
Whitespace[2] '\s\n'
Identifier[3] 'let'
Whitespace[2] '\s\n'
Identifier[2] 'fn'
Whitespace[1] '\n'
Identifier[5] 'while'
Whitespace[1] '\n'
Identifier[3] 'for'
Whitespace[1] '\s'
Identifier[2] 'in'
Whitespace[1] '\n'
Identifier[6] 'return'
Whitespace[1] '\n'
Identifier[6] 'module'
Whitespace[1] '\n'
Identifier[4] 'true'
Whitespace[1] '\n'
Identifier[5] 'false'

