If[2] 'if'
Whitespace[1] '\s'
Else[4] 'else'
Whitespace[2] '\s\n'
Let[3] 'let'
Whitespace[2] '\s\n'
Fn[2] 'fn'
Whitespace[1] '\n'
While[5] 'while'
Whitespace[1] '\n'
For[3] 'for'
Whitespace[1] '\s'
In[2] 'in'
Whitespace[1] '\n'
Return[6] 'return'
Whitespace[1] '\n'
Identifier[6] 'module'
Whitespace[1] '\n'
True[4] 'true'
Whitespace[1] '\n'
False[5] 'false'

