---
created: "2019-07-25T15:43:54.676483Z"
creator: insta@0.8.1
source: newtc/src/featurez/syntax/tests.rs
expression: approval_document
---
1*2+3
===>
┗ BinaryExpr
  ┠ BinaryExpr
  ┃ ┠ LiteralExpr
  ┃ ┃ ┗ IntegerLiteral "1"
  ┃ ┠ Star "*"
  ┃ ┗ LiteralExpr
  ┃   ┗ IntegerLiteral "2"
  ┠ Plus "+"
  ┗ LiteralExpr
    ┗ IntegerLiteral "3"

