---
created: "2019-07-30T15:17:29.368981Z"
creator: insta@0.8.1
source: newtc/src/featurez/syntax/tests.rs
expression: approval_document
---
1*--2.12
===>
┗ BinaryExpr
  ┠ LiteralExpr
  ┃ ┗ IntegerLiteral "1"
  ┠ Star "*"
  ┗ UnaryExpr
    ┠ Minus "-"
    ┗ UnaryExpr
      ┠ Minus "-"
      ┗ LiteralExpr
        ┗ FloatLiteral "2.12"

