---
created: "2019-07-22T16:02:33.913167Z"
creator: insta@0.8.1
source: newtc/src/featurez/syntax/tests.rs
expression: tree
---
┗ BinaryExpr
  ┠ BinaryExpr
  ┃ ┠ LiteralExpr
  ┃ ┃ ┗ IntegerLiteral "1"
  ┃ ┠ Plus "+"
  ┃ ┗ LiteralExpr
  ┃   ┗ IntegerLiteral "2"
  ┠ Plus "+"
  ┗ LiteralExpr
    ┗ IntegerLiteral "3"

