---
created: "2019-07-30T15:12:24.819544Z"
creator: insta@0.8.1
source: newtc/src/featurez/syntax/tests.rs
expression: approval_document
---
-1*2+-3
===>
┗ UnaryExpr
  ┠ Minus "-"
  ┗ BinaryExpr
    ┠ BinaryExpr
    ┃ ┠ LiteralExpr
    ┃ ┃ ┗ IntegerLiteral "1"
    ┃ ┠ Star "*"
    ┃ ┗ LiteralExpr
    ┃   ┗ IntegerLiteral "2"
    ┠ Plus "+"
    ┗ UnaryExpr
      ┠ Minus "-"
      ┗ LiteralExpr
        ┗ IntegerLiteral "3"

