---
created: "2019-11-27T15:12:54.969333Z"
creator: insta@0.8.1
source: newtc/src/featurez/syntax/tests.rs
expression: approval_document
---
====text====
============

    1*2
====tokens====
============
[
    WhiteSpace[5],
    IntegerLiteral[1],
    Star[1],
    IntegerLiteral[1],
    EndOfFile[0]
]
====events====
============
[
    BeginNode {
        kind: PrimitiveLiteralExpr,
        is_forward_parent: false,
        forward_parent_offset: Some(
            4
        )
    },
    Trivia {
        kind: WhiteSpace,
        length: 5
    },
    Token {
        kind: IntegerLiteral,
        length: 1
    },
    EndNode,
    BeginNode {
        kind: BinaryExpr,
        is_forward_parent: true,
        forward_parent_offset: None
    },
    Token {
        kind: Star,
        length: 1
    },
    BeginNode {
        kind: PrimitiveLiteralExpr,
        is_forward_parent: false,
        forward_parent_offset: None
    },
    Token {
        kind: IntegerLiteral,
        length: 1
    },
    EndNode,
    EndNode
]
====tree====
============
┗ BinaryExpr
  ┠ PrimitiveLiteralExpr
  ┃ ┠ WhiteSpace '
    '
  ┃ ┗ IntegerLiteral '1'
  ┠ Star '*'
  ┗ PrimitiveLiteralExpr
    ┗ IntegerLiteral '2'

