---
created: "2019-07-29T15:38:38.653649Z"
creator: insta@0.8.1
source: newtc/src/featurez/syntax/tests.rs
expression: approval_document
---
(1+2)*3
===>
┗ BinaryExpr
  ┠ GroupingExpr
  ┃ ┠ LeftParenthesis "("
  ┃ ┠ BinaryExpr
  ┃ ┃ ┠ LiteralExpr
  ┃ ┃ ┃ ┗ IntegerLiteral "1"
  ┃ ┃ ┠ Plus "+"
  ┃ ┃ ┗ LiteralExpr
  ┃ ┃   ┗ IntegerLiteral "2"
  ┃ ┗ RightParenthesis ")"
  ┠ Star "*"
  ┗ LiteralExpr
    ┗ IntegerLiteral "3"

